src/utils/pdfGenerator.ts(150,11): error TS6133: 'detailsY' is declared but its value is never read.
src/utils/pdfGenerator.ts(308,11): error TS6133: 'waterTanks' is declared but its value is never read.
src/utils/pdfGenerator.ts(560,5): error TS6133: 'financeSettings' is declared but its value is never read.
