
> stanchion-crm@0.0.0 build
> tsc -b && vite build

src/pages/HowToGuide.tsx(1,29): error TS6133: 'CardHeader' is declared but its value is never read.
src/pages/HowToGuide.tsx(1,41): error TS6133: 'CardTitle' is declared but its value is never read.
